---
source: crates/rs_html_parser_tokenizer/tests/h2_tokenizer_test.rs
expression: "(tokenize(\"&amp;&gt;&amp&lt;&uuml;&#x61;&#x62&#99;&#100&#101\"))"
---
[
    TokenizerToken {
        start: 0,
        end: 5,
        offset: 0,
        location: TextEntity,
        code: 38,
        quote: NoValue,
    },
    TokenizerToken {
        start: 5,
        end: 9,
        offset: 0,
        location: TextEntity,
        code: 62,
        quote: NoValue,
    },
    TokenizerToken {
        start: 9,
        end: 13,
        offset: 0,
        location: TextEntity,
        code: 38,
        quote: NoValue,
    },
    TokenizerToken {
        start: 13,
        end: 17,
        offset: 0,
        location: TextEntity,
        code: 60,
        quote: NoValue,
    },
    TokenizerToken {
        start: 17,
        end: 23,
        offset: 0,
        location: TextEntity,
        code: 252,
        quote: NoValue,
    },
    TokenizerToken {
        start: 23,
        end: 29,
        offset: 0,
        location: TextEntity,
        code: 97,
        quote: NoValue,
    },
    TokenizerToken {
        start: 29,
        end: 34,
        offset: 0,
        location: TextEntity,
        code: 98,
        quote: NoValue,
    },
    TokenizerToken {
        start: 34,
        end: 39,
        offset: 0,
        location: TextEntity,
        code: 99,
        quote: NoValue,
    },
    TokenizerToken {
        start: 39,
        end: 44,
        offset: 0,
        location: TextEntity,
        code: 100,
        quote: NoValue,
    },
    TokenizerToken {
        start: 44,
        end: 49,
        offset: 0,
        location: TextEntity,
        code: 101,
        quote: NoValue,
    },
]
