---
source: crates/rs_html_parser_tokenizer/tests/h2_tokenizer_test.rs
expression: "tokenize(\"<style>a{}</style>&apos; 1234&apos;dsa<br/>\")"
---
[
    TokenizerToken {
        start: 1,
        end: 6,
        offset: 0,
        location: OpenTagName,
        code: 0,
        quote: NoValue,
    },
    TokenizerToken {
        start: 6,
        end: 6,
        offset: 0,
        location: OpenTagEnd,
        code: 0,
        quote: NoValue,
    },
    TokenizerToken {
        start: 7,
        end: 10,
        offset: 0,
        location: Text,
        code: 0,
        quote: NoValue,
    },
    TokenizerToken {
        start: 12,
        end: 17,
        offset: 0,
        location: CloseTag,
        code: 0,
        quote: NoValue,
    },
    TokenizerToken {
        start: 18,
        end: 24,
        offset: 0,
        location: TextEntity,
        code: 39,
        quote: NoValue,
    },
    TokenizerToken {
        start: 24,
        end: 29,
        offset: 0,
        location: Text,
        code: 0,
        quote: NoValue,
    },
    TokenizerToken {
        start: 29,
        end: 35,
        offset: 0,
        location: TextEntity,
        code: 39,
        quote: NoValue,
    },
    TokenizerToken {
        start: 35,
        end: 38,
        offset: 0,
        location: Text,
        code: 0,
        quote: NoValue,
    },
    TokenizerToken {
        start: 39,
        end: 41,
        offset: 0,
        location: OpenTagName,
        code: 0,
        quote: NoValue,
    },
    TokenizerToken {
        start: 42,
        end: 42,
        offset: 0,
        location: SelfClosingTag,
        code: 0,
        quote: NoValue,
    },
]
