---
source: crates/rs_html_parser_tokenizer/tests/h2_tokenizer_test.rs
expression: "tokenize(\"&timesbar;&timesbar\")"
---
[
    TokenizerToken {
        start: 0,
        end: 10,
        offset: 0,
        location: TextEntity,
        code: 10801,
        quote: NoValue,
    },
    TokenizerToken {
        start: 10,
        end: 19,
        offset: 0,
        location: TextEntity,
        code: 215,
        quote: NoValue,
    },
]
