---
source: crates/rs_html_parser_tokenizer/tests/h2_tokenizer_test.rs
expression: "tokenize(\"<script /><div></div>\")"
---
[
    TokenizerToken {
        start: 1,
        end: 7,
        location: OpenTagName,
        code: 0,
        quote: NoValue,
    },
    TokenizerToken {
        start: 9,
        end: 9,
        location: SelfClosingTag,
        code: 0,
        quote: NoValue,
    },
    TokenizerToken {
        start: 11,
        end: 14,
        location: OpenTagName,
        code: 0,
        quote: NoValue,
    },
    TokenizerToken {
        start: 14,
        end: 14,
        location: OpenTagEnd,
        code: 0,
        quote: NoValue,
    },
    TokenizerToken {
        start: 17,
        end: 20,
        location: CloseTag,
        code: 0,
        quote: NoValue,
    },
    TokenizerToken {
        start: 21,
        end: 21,
        location: End,
        code: 0,
        quote: NoValue,
    },
]
