---
source: crates/rs_html_parser_tokenizer/tests/h2_tokenizer_test.rs
expression: "tokenize(\"<div></div>\")"
---
[
    TokenizerToken {
        start: 1,
        end: 4,
        location: OpenTagName,
        code: 0,
        quote: NoValue,
    },
    TokenizerToken {
        start: 4,
        end: 4,
        location: OpenTagEnd,
        code: 0,
        quote: NoValue,
    },
    TokenizerToken {
        start: 7,
        end: 10,
        location: CloseTag,
        code: 0,
        quote: NoValue,
    },
    TokenizerToken {
        start: 11,
        end: 11,
        location: End,
        code: 0,
        quote: NoValue,
    },
]
