---
source: crates/rs_html_parser_tokenizer/tests/h2_tokenizer_test.rs
expression: "tokenize(\"<img src=\\\"?&image_uri=1&&image;=2&image=3\\\"/>?&image_uri=1&&image;=2&image=3\")"
---
[
    TokenizerToken {
        start: 1,
        end: 4,
        location: OpenTagName,
        code: 0,
        quote: NoValue,
    },
    TokenizerToken {
        start: 5,
        end: 8,
        location: AttrName,
        code: 0,
        quote: NoValue,
    },
    TokenizerToken {
        start: 10,
        end: 23,
        location: AttrData,
        code: 0,
        quote: Double,
    },
    TokenizerToken {
        start: 23,
        end: 24,
        location: AttrEntity,
        code: 38,
        quote: Double,
    },
    TokenizerToken {
        start: 24,
        end: 31,
        location: AttrEntity,
        code: 8465,
        quote: Double,
    },
    TokenizerToken {
        start: 31,
        end: 41,
        location: AttrData,
        code: 0,
        quote: Double,
    },
    TokenizerToken {
        start: 42,
        end: 42,
        location: AttrEnd,
        code: 0,
        quote: Double,
    },
    TokenizerToken {
        start: 43,
        end: 43,
        location: SelfClosingTag,
        code: 0,
        quote: NoValue,
    },
    TokenizerToken {
        start: 44,
        end: 57,
        location: Text,
        code: 0,
        quote: NoValue,
    },
    TokenizerToken {
        start: 57,
        end: 58,
        location: TextEntity,
        code: 38,
        quote: NoValue,
    },
    TokenizerToken {
        start: 58,
        end: 65,
        location: TextEntity,
        code: 8465,
        quote: NoValue,
    },
    TokenizerToken {
        start: 65,
        end: 75,
        location: Text,
        code: 0,
        quote: NoValue,
    },
    TokenizerToken {
        start: 75,
        end: 75,
        location: End,
        code: 0,
        quote: NoValue,
    },
]
