---
source: crates/rs_html_parser_tokenizer/tests/h2_tokenizer_test.rs
expression: "tokenize(\"<title /><div></div>\")"
---
[
    TokenizerToken {
        start: 1,
        end: 6,
        location: OpenTagName,
        code: 0,
        quote: NoValue,
    },
    TokenizerToken {
        start: 8,
        end: 8,
        location: SelfClosingTag,
        code: 0,
        quote: NoValue,
    },
    TokenizerToken {
        start: 10,
        end: 13,
        location: OpenTagName,
        code: 0,
        quote: NoValue,
    },
    TokenizerToken {
        start: 13,
        end: 13,
        location: OpenTagEnd,
        code: 0,
        quote: NoValue,
    },
    TokenizerToken {
        start: 16,
        end: 19,
        location: CloseTag,
        code: 0,
        quote: NoValue,
    },
    TokenizerToken {
        start: 20,
        end: 20,
        location: End,
        code: 0,
        quote: NoValue,
    },
]
