---
source: crates/rs_html_parser_tokenizer/tests/whitespace_test.rs
expression: "tokenize(r#\"\n            <template>\n                <h2>Flower</h2>\n                <img src=\"img_white_flower.jpg\" width=\"214\" height=\"204\">\n            </template>\"#)"
---
[
    TokenizerToken {
        start: 14,
        end: 22,
        location: OpenTagName,
        code: 0,
        quote: NoValue,
    },
    TokenizerToken {
        start: 22,
        end: 22,
        location: OpenTagEnd,
        code: 0,
        quote: NoValue,
    },
    TokenizerToken {
        start: 23,
        end: 40,
        location: Text,
        code: 0,
        quote: NoValue,
    },
    TokenizerToken {
        start: 41,
        end: 43,
        location: OpenTagName,
        code: 0,
        quote: NoValue,
    },
    TokenizerToken {
        start: 43,
        end: 43,
        location: OpenTagEnd,
        code: 0,
        quote: NoValue,
    },
    TokenizerToken {
        start: 44,
        end: 50,
        location: Text,
        code: 0,
        quote: NoValue,
    },
    TokenizerToken {
        start: 52,
        end: 54,
        location: CloseTag,
        code: 0,
        quote: NoValue,
    },
    TokenizerToken {
        start: 55,
        end: 72,
        location: Text,
        code: 0,
        quote: NoValue,
    },
    TokenizerToken {
        start: 73,
        end: 76,
        location: OpenTagName,
        code: 0,
        quote: NoValue,
    },
    TokenizerToken {
        start: 77,
        end: 80,
        location: AttrName,
        code: 0,
        quote: NoValue,
    },
    TokenizerToken {
        start: 82,
        end: 102,
        location: AttrData,
        code: 0,
        quote: Double,
    },
    TokenizerToken {
        start: 103,
        end: 103,
        location: AttrEnd,
        code: 0,
        quote: Double,
    },
    TokenizerToken {
        start: 104,
        end: 109,
        location: AttrName,
        code: 0,
        quote: NoValue,
    },
    TokenizerToken {
        start: 111,
        end: 114,
        location: AttrData,
        code: 0,
        quote: Double,
    },
    TokenizerToken {
        start: 115,
        end: 115,
        location: AttrEnd,
        code: 0,
        quote: Double,
    },
    TokenizerToken {
        start: 116,
        end: 122,
        location: AttrName,
        code: 0,
        quote: NoValue,
    },
    TokenizerToken {
        start: 124,
        end: 127,
        location: AttrData,
        code: 0,
        quote: Double,
    },
    TokenizerToken {
        start: 128,
        end: 128,
        location: AttrEnd,
        code: 0,
        quote: Double,
    },
    TokenizerToken {
        start: 128,
        end: 128,
        location: OpenTagEnd,
        code: 0,
        quote: NoValue,
    },
    TokenizerToken {
        start: 144,
        end: 152,
        location: CloseTag,
        code: 0,
        quote: NoValue,
    },
    TokenizerToken {
        start: 153,
        end: 153,
        location: End,
        code: 0,
        quote: NoValue,
    },
]
