---
source: crates/rs_html_parser/tests/h2_parser_tests.rs
expression: "tokenize(\"&timesbar;&timesbar\")"
---
[
    Token {
        data: "⨱",
        attrs: None,
        kind: Text,
        is_implied: false,
    },
    Token {
        data: "×",
        attrs: None,
        kind: Text,
        is_implied: false,
    },
]
