---
source: crates/rs_html_parser/tests/html5lib_test1_test.rs
expression: "parser_test(\"<!DOC>\")"
---
[
    Token {
        data: "",
        attrs: Some(
            {
                "!DOC": None,
            },
        ),
        kind: ProcessingInstruction,
        is_implied: false,
    },
]
