---
source: crates/rs_html_parser/tests/html5lib_test4_test.rs
expression: "parser_test(r####\"<!DoCtYpE HtMl PuBlIc \"AbC\" \"XyZ\">\"####)"
---
[
    Token {
        data: "",
        attrs: Some(
            {
                "!DoCtYpE HtMl PuBlIc \"AbC\" \"XyZ\"": None,
            },
        ),
        kind: ProcessingInstruction,
        is_implied: false,
    },
]
