---
source: crates/rs_html_parser/tests/html5lib_test1_test.rs
expression: "parser_test(\"<!-- <test> -->\")"
---
[
    Token {
        data: " <test> ",
        attrs: None,
        kind: Comment,
        is_implied: false,
    },
    Token {
        data: "",
        attrs: None,
        kind: CommentEnd,
        is_implied: false,
    },
]
