---
source: crates/rs_html_parser/tests/html5lib_test4_test.rs
expression: "parser_test(r####\"<x X>\"####)"
---
[
    Token {
        data: "x",
        attrs: Some(
            UniCaseBTreeMap {
                inner: {
                    "X": None,
                },
            },
        ),
        kind: OpenTag,
        is_implied: false,
    },
    Token {
        data: "x",
        attrs: None,
        kind: CloseTag,
        is_implied: true,
    },
]
