---
source: crates/rs_html_parser/tests/html5lib_test1_test.rs
expression: "parser_test(r#\"I'm &notin\"#)"
---
[
    Token {
        data: "I'm ",
        attrs: None,
        kind: Text,
        is_implied: false,
    },
    Token {
        data: "¬",
        attrs: None,
        kind: Text,
        is_implied: false,
    },
]
