---
source: crates/rs_html_parser/tests/html5lib_test3_test.rs
expression: "parser_test(r####\"<aA>\"####)"
---
[
    Token {
        data: "aa",
        attrs: None,
        kind: OpenTag,
        is_implied: false,
    },
    Token {
        data: "aa",
        attrs: None,
        kind: CloseTag,
        is_implied: true,
    },
]
