---
source: crates/rs_html_parser/tests/html5lib_test4_test.rs
expression: "parser_test(r####\"<foo a=b\"c>\"####)"
---
[
    Token {
        data: "foo",
        attrs: Some(
            UniCaseBTreeMap {
                inner: {
                    "a": Some(
                        (
                            "b\"c",
                            Unquoted,
                        ),
                    ),
                },
            },
        ),
        kind: OpenTag,
        is_implied: false,
    },
    Token {
        data: "foo",
        attrs: None,
        kind: CloseTag,
        is_implied: true,
    },
]
