---
source: crates/rs_html_parser/tests/html5lib_test3_test.rs
expression: "parser_test(r####\"<a a=b>\"####)"
---
[
    Token {
        data: "a",
        attrs: Some(
            {
                "a": Some(
                    (
                        "b",
                        Unquoted,
                    ),
                ),
            },
        ),
        kind: OpenTag,
        is_implied: false,
    },
    Token {
        data: "a",
        attrs: None,
        kind: CloseTag,
        is_implied: true,
    },
]
