---
source: crates/rs_html_parser/tests/html5lib_test4_test.rs
expression: "parser_test(r####\"<br a='b'/>\"####)"
---
[
    Token {
        data: "br",
        attrs: Some(
            UniCaseBTreeMap {
                inner: {
                    "a": Some(
                        (
                            "b",
                            Single,
                        ),
                    ),
                },
            },
        ),
        kind: OpenTag,
        is_implied: false,
    },
    Token {
        data: "br",
        attrs: None,
        kind: CloseTag,
        is_implied: true,
    },
]
