---
source: crates/rs_html_parser/tests/html5lib_test1_test.rs
expression: "parser_test(\"<s o=& t>\")"
---
[
    Token {
        data: "s",
        attrs: Some(
            {
                "t": None,
                "o": Some(
                    (
                        "&",
                        Unquoted,
                    ),
                ),
            },
        ),
        kind: OpenTag,
        is_implied: false,
    },
    Token {
        data: "s",
        attrs: None,
        kind: CloseTag,
        is_implied: true,
    },
]
